// Jest Snapshot v1, https://goo.gl/fbAQLP

exports[`App should render the component 1`] = `
<div>
  <nav>
    <ul>
      <li>
        <a
          href="/"
        >
          Home
        </a>
      </li>
      <li>
        <a
          href="/list"
        >
          Users
        </a>
      </li>
    </ul>
  </nav>
  <section />
</div>
`;
